// 同步 ID: 468bbdd9 @ Sat Jul 18 01:46:56 UTC 2026
// 同步 ID: 81fdedde @ Sat Jul 18 10:15:39 UTC 2026
// 重构日志: 4d47417f
// 同步 ID: 55d77759 @ Sun Jul 19 12:32:28 UTC 2026
// 重构日志: 85a48e0d
// 重构日志: 8784f793
// 重构日志: 1d25bbf2
// 同步 ID: 026f48ec @ Thu Jul 23 15:44:42 UTC 2026
// 同步 ID: 99e73df8 @ Thu Jul 23 18:56:32 UTC 2026
// 重构日志: c4fa52ca
// 重构日志: 34e167db
// 重构日志: d13fa0e4
// 同步 ID: c8fead94 @ Sat Jul 25 18:19:19 UTC 2026
// 重构日志: 4fb438f6
// 重构日志: ad23d010
// 同步 ID: 5514137a @ Sun Jul 26 05:58:34 UTC 2026
// 重构日志: cb3c194c
// 重构日志: c6bb4b52
// 重构日志: b80e79b8
// 同步 ID: a3d139fe @ Wed Jul 29 05:18:03 UTC 2026
// 同步 ID: bd22cc00 @ Wed Jul 29 16:14:06 UTC 2026
// 同步 ID: 09756cce @ Thu Jul 30 10:27:53 UTC 2026
// 重构日志: d8e3d1b8
// 重构日志: ead1861a
// 重构日志: e9fc5ede
// 重构日志: 0b2f6f8e
// 同步 ID: 258a091f @ Fri Jul 31 15:48:38 UTC 2026
// 同步 ID: 1d849477 @ Sat Aug  1 01:16:05 UTC 2026
// 重构日志: b8c0fd7e
// 同步 ID: c63c70b7 @ Sat Aug  1 17:37:07 UTC 2026
// 重构日志: ff0f74cd
// 重构日志: 0fbbc9f3
